  console.log
    DEBUG: today=2025-12-29T22:00:00.000Z, duedate=2025-12-30T22:00:00.000Z, baseline=2025-12-30T22:00:00.000Z, remaining=0, simulatedDays=0

      at calculateSimulation (src/frontend/simulationLogic.js:57:13)

node.exe : FAIL src/frontend/simulation.test.js
At line:1 char:1
+ & "C:\Program Files\nodejs/node.exe" "C:\Users\petri\AppData\Roaming\ ...
+ ~~~~~~~~~~~~~~~~~~~~~~~~~~~~~~~~~~~~~~~~~~~~~~~~~~~~~~~~~~~~~~~~~~~~~
    + CategoryInfo          : NotSpecified: (FAIL src/frontend/simulation.t 
   est.js:String) [], RemoteException
    + FullyQualifiedErrorId : NativeCommandError
 
  calculateSimulation
    ├ù calculates base simulation with zero load and complexity (11 ms)
    Ôùï skipped adds complexity days (skipping weekends)
    Ôùï skipped applies sickness delay (skipping weekends)
    Ôùï skipped handles tangible shocks for specific members
    Ôùï skipped handles overdue tasks

  ÔùÅ calculateSimulation ÔÇ║ calculates base simulation with zero load and 
complexity

    expect(received).toBe(expected) // Object.is equality

    Expected: "2025-12-31"
    Received: "2025-12-30"

    [0m [90m 21 |[39m         [90m// simulatedDays = (1 * 1) + 0 + 0 = 
1[39m
     [90m 22 |[39m         [90m// result.simulatedDate will be 
2025-12-31[39m
    [31m[1m>[22m[39m[90m 23 |[39m         expect(result[33m.[39msimu
latedDate)[33m.[39mtoBe([32m'2025-12-31'[39m)[33m;[39m
     [90m    |[39m                                      
[31m[1m^[22m[39m
     [90m 24 |[39m         
expect(result[33m.[39mriskDays)[33m.[39mtoBe([35m0[39m)[33m;[39m
     [90m 25 |[39m     })[33m;[39m
     [90m 26 |[39m[0m

      at Object.<anonymous> (src/frontend/simulation.test.js:23:38)

Test Suites: 1 failed, 1 total
Tests:       1 failed, 4 skipped, 5 total
Snapshots:   0 total
Time:        0.189 s, estimated 1 s
Ran all test suites matching /src\\frontend\\simulation.test.js/i with 
tests matching "calculates base simulation with zero load and complexity".
